---
source: crates/katex/tests/mathml_spec.rs
expression: markup
---
<math xmlns="http://www.w3.org/1998/Math/MathML"><semantics><mrow><mtext> </mtext><mtext> </mtext><mtext> </mtext><mtext> </mtext><mtext> </mtext><mtext>  </mtext><mtext>  </mtext><mtext> ⁣</mtext><mtext> ⁣</mtext><mtext> ⁣</mtext><mtext> ⁣</mtext><mtext> </mtext><mtext> </mtext><mtext> </mtext><mtext>  </mtext><mtext> ⁣</mtext><mtext> ⁣</mtext><mtext> ⁣</mtext><mtext> ⁣</mtext></mrow><annotation encoding="application/x-tex">\,\thinspace\:\&gt;\medspace\;\thickspace\!\negthinspace\negmedspace\negthickspace\mkern1mu\mkern3mu\mkern4mu\mkern5mu\mkern-1mu\mkern-3mu\mkern-4mu\mkern-5mu</annotation></semantics></math>
