---
source: crates/katex/tests/mathml_spec.rs
expression: markup
---
<math xmlns="http://www.w3.org/1998/Math/MathML"><semantics><mrow><mover><mo minsize="3.0em" stretchy="true">→</mo><mpadded lspace="0.3em" width="+0.6em"><mi>a</mi></mpadded></mover></mrow><annotation encoding="application/x-tex">\xrightarrow{a}</annotation></semantics></math>
